State: [ ] | State: [ ] | State: [ ]
State: [ ] | State: [ ] | State: [ ]
State: [ ] | State: [ ] | State: [ ]