State: [x] | State: [ ] | State: [ ]
State: [ ] | State: [ ] | State: [ ]
State: [ ] | State: [ ] | State: [ ]