State: [x] | State: [o] | State: [ ]
State: [x] | State: [o] | State: [ ]
State: [x] | State: [ ] | State: [ ]