UPDATE CELL:
Cell:
	CellPosition: H:right V:vCenter,
	       State: [x]

RESULT
GameState>
Cell:
	CellPosition: H:left V:top,
	       State: []
Cell:
	CellPosition: H:left V:vCenter,
	       State: []
Cell:
	CellPosition: H:left V:bottom,
	       State: []
Cell:
	CellPosition: H:hCenter V:top,
	       State: []
Cell:
	CellPosition: H:hCenter V:vCenter,
	       State: []
Cell:
	CellPosition: H:hCenter V:bottom,
	       State: []
Cell:
	CellPosition: H:right V:top,
	       State: []
Cell:
	CellPosition: H:right V:vCenter,
	       State: [x]
Cell:
	CellPosition: H:right V:bottom,
	       State: []