UPDATE CELL:
Cell:
	CellPosition: H:| V:↓,
	       State: [x]

RESULT
GameState>
Cell:
	CellPosition: H:← V:↑,
	       State: [ ]
Cell:
	CellPosition: H:← V:-,
	       State: [ ]
Cell:
	CellPosition: H:← V:↓,
	       State: [ ]
Cell:
	CellPosition: H:| V:↑,
	       State: [ ]
Cell:
	CellPosition: H:| V:-,
	       State: [ ]
Cell:
	CellPosition: H:| V:↓,
	       State: [x]
Cell:
	CellPosition: H:→ V:↑,
	       State: [ ]
Cell:
	CellPosition: H:→ V:-,
	       State: [ ]
Cell:
	CellPosition: H:→ V:↓,
	       State: [ ]