State: [ ] | State: [ ] | State: [ ]
State: [ ] | State: [ ] | State: [ ]
State: [x] | State: [x] | State: [x]