State: [o] | State: [ ] | State: [ ]
State: [ ] | State: [ ] | State: [ ]
State: [ ] | State: [ ] | State: [ ]