Line(cellsPositions: [KikDomain.CellPosition(hp: KikDomain.HorizPosition.left, vp: KikDomain.VertPosition.top), KikDomain.CellPosition(hp: KikDomain.HorizPosition.hCenter, vp: KikDomain.VertPosition.vCenter), KikDomain.CellPosition(hp: KikDomain.HorizPosition.right, vp: KikDomain.VertPosition.bottom)])