Line:
	["CellPosition: H:← V:↑", "CellPosition: H:| V:↑", "CellPosition: H:→ V:↑"]
Line:
	["CellPosition: H:← V:-", "CellPosition: H:| V:-", "CellPosition: H:→ V:-"]
Line:
	["CellPosition: H:← V:↓", "CellPosition: H:| V:↓", "CellPosition: H:→ V:↓"]
Line:
	["CellPosition: H:← V:↑", "CellPosition: H:| V:↑", "CellPosition: H:→ V:↑"]
Line:
	["CellPosition: H:← V:-", "CellPosition: H:| V:-", "CellPosition: H:→ V:-"]
Line:
	["CellPosition: H:← V:↓", "CellPosition: H:| V:↓", "CellPosition: H:→ V:↓"]
Line:
	["CellPosition: H:← V:↑", "CellPosition: H:| V:-", "CellPosition: H:→ V:↓"]
Line:
	["CellPosition: H:← V:↓", "CellPosition: H:| V:-", "CellPosition: H:← V:↑"]